2025-12-01 09:35:08,159 INFO o.a.j.u.JMeterUtils: Setting Locale to en_EN
2025-12-01 09:35:08,171 INFO o.a.j.JMeter: Loading user properties from: /Users/hiruzen/Programming/Projects/DATA-236-Projects/Lab2/tools/jmeter/bin/user.properties
2025-12-01 09:35:08,172 INFO o.a.j.JMeter: Loading system properties from: /Users/hiruzen/Programming/Projects/DATA-236-Projects/Lab2/tools/jmeter/bin/system.properties
2025-12-01 09:35:08,179 INFO o.a.j.JMeter: Copyright (c) 1998-2024 The Apache Software Foundation
2025-12-01 09:35:08,179 INFO o.a.j.JMeter: Version 5.6.3
2025-12-01 09:35:08,179 INFO o.a.j.JMeter: java.version=25
2025-12-01 09:35:08,179 INFO o.a.j.JMeter: java.vm.name=OpenJDK 64-Bit Server VM
2025-12-01 09:35:08,179 INFO o.a.j.JMeter: os.name=Mac OS X
2025-12-01 09:35:08,179 INFO o.a.j.JMeter: os.arch=aarch64
2025-12-01 09:35:08,179 INFO o.a.j.JMeter: os.version=26.1
2025-12-01 09:35:08,179 INFO o.a.j.JMeter: file.encoding=UTF-8
2025-12-01 09:35:08,179 INFO o.a.j.JMeter: java.awt.headless=true
2025-12-01 09:35:08,180 INFO o.a.j.JMeter: Max memory     =1073741824
2025-12-01 09:35:08,180 INFO o.a.j.JMeter: Available Processors =8
2025-12-01 09:35:08,190 INFO o.a.j.JMeter: Default Locale=English (EN)
2025-12-01 09:35:08,190 INFO o.a.j.JMeter: JMeter  Locale=English (EN)
2025-12-01 09:35:08,190 INFO o.a.j.JMeter: JMeterHome=/Users/hiruzen/Programming/Projects/DATA-236-Projects/Lab2/tools/jmeter
2025-12-01 09:35:08,191 INFO o.a.j.JMeter: user.dir  =/Users/hiruzen/Programming/Projects/DATA-236-Projects/Kayak-Project
2025-12-01 09:35:08,191 INFO o.a.j.JMeter: PWD       =/Users/hiruzen/Programming/Projects/DATA-236-Projects/Kayak-Project
2025-12-01 09:35:08,193 INFO o.a.j.JMeter: IP: 127.0.0.1 Name: Shravankumars-MacBook-Air.local FullName: localhost
2025-12-01 09:35:08,202 INFO o.a.j.JMeter: Setting property 'jmeter.reportgenerator.outputdir' to:'/Users/hiruzen/Programming/Projects/DATA-236-Projects/Kayak-Project/jmeter/results/report-latest'
2025-12-01 09:35:08,204 INFO o.a.j.r.d.ReportGenerator: ReportGenerator will use for Parsing the separator: ','
2025-12-01 09:35:08,204 INFO o.a.j.r.d.ReportGenerator: Will only generate report from results file: jmeter/results/kayak-results.jtl
2025-12-01 09:35:08,204 INFO o.a.j.r.d.ReportGenerator: Reading report generator properties from: /Users/hiruzen/Programming/Projects/DATA-236-Projects/Lab2/tools/jmeter/bin/reportgenerator.properties
2025-12-01 09:35:08,205 INFO o.a.j.r.d.ReportGenerator: Merging with JMeter properties
2025-12-01 09:35:08,207 INFO o.a.j.r.c.ReportGeneratorConfiguration: Property 'jmeter.reportgenerator.temp_dir' not found, using default value 'temp' instead.
2025-12-01 09:35:08,208 INFO o.a.j.r.c.ReportGeneratorConfiguration: Property 'jmeter.reportgenerator.apdex_per_transaction' not found, using default value 'null' instead.
2025-12-01 09:35:08,212 INFO o.a.j.r.c.ReportGeneratorConfiguration: apdex_per_transaction is empty, not APDEX per transaction customization
2025-12-01 09:35:08,212 INFO o.a.j.r.c.ReportGeneratorConfiguration: Property 'jmeter.reportgenerator.sample_filter' not found, using default value 'null' instead.
2025-12-01 09:35:08,212 INFO o.a.j.r.c.ReportGeneratorConfiguration: Property 'jmeter.reportgenerator.report_title' not found, using default value 'null' instead.
2025-12-01 09:35:08,212 INFO o.a.j.r.c.ReportGeneratorConfiguration: Property 'jmeter.reportgenerator.start_date' not found, using default value 'null' instead.
2025-12-01 09:35:08,212 INFO o.a.j.r.c.ReportGeneratorConfiguration: Property 'jmeter.reportgenerator.end_date' not found, using default value 'null' instead.
2025-12-01 09:35:08,212 INFO o.a.j.r.c.ReportGeneratorConfiguration: Property 'jmeter.reportgenerator.date_format' not found, using default value 'null' instead.
2025-12-01 09:35:08,212 INFO o.a.j.r.c.ReportGeneratorConfiguration: Will use date range start date: null, end date: null
2025-12-01 09:35:08,214 INFO o.a.j.r.c.ReportGeneratorConfiguration: Property 'jmeter.reportgenerator.graph.totalTPS.exclude_controllers' not found, using default value 'false' instead.
2025-12-01 09:35:08,214 INFO o.a.j.r.c.ReportGeneratorConfiguration: Property 'jmeter.reportgenerator.graph.activeThreadsOverTime.exclude_controllers' not found, using default value 'false' instead.
2025-12-01 09:35:08,214 INFO o.a.j.r.c.ReportGeneratorConfiguration: Property 'jmeter.reportgenerator.graph.timeVsThreads.exclude_controllers' not found, using default value 'false' instead.
2025-12-01 09:35:08,214 INFO o.a.j.r.c.ReportGeneratorConfiguration: Property 'jmeter.reportgenerator.graph.responseTimeDistribution.exclude_controllers' not found, using default value 'false' instead.
2025-12-01 09:35:08,214 INFO o.a.j.r.c.ReportGeneratorConfiguration: Property 'jmeter.reportgenerator.graph.transactionsPerSecond.exclude_controllers' not found, using default value 'false' instead.
2025-12-01 09:35:08,214 INFO o.a.j.r.c.ReportGeneratorConfiguration: Property 'jmeter.reportgenerator.graph.responseTimePercentiles.exclude_controllers' not found, using default value 'false' instead.
2025-12-01 09:35:08,214 INFO o.a.j.r.c.ReportGeneratorConfiguration: Property 'jmeter.reportgenerator.graph.responseTimePercentilesOverTime.exclude_controllers' not found, using default value 'false' instead.
2025-12-01 09:35:08,215 INFO o.a.j.r.c.ReportGeneratorConfiguration: Property 'jmeter.reportgenerator.graph.responseTimesOverTime.exclude_controllers' not found, using default value 'false' instead.
2025-12-01 09:35:08,215 INFO o.a.j.r.c.ReportGeneratorConfiguration: Property 'jmeter.reportgenerator.graph.connectTimeOverTime.exclude_controllers' not found, using default value 'false' instead.
2025-12-01 09:35:08,215 INFO o.a.j.r.c.ReportGeneratorConfiguration: Property 'jmeter.reportgenerator.graph.latenciesOverTime.exclude_controllers' not found, using default value 'false' instead.
2025-12-01 09:35:08,215 INFO o.a.j.r.c.ReportGeneratorConfiguration: Property 'jmeter.reportgenerator.exporter.json.filters_only_sample_series' not found, using default value 'true' instead.
2025-12-01 09:35:08,215 INFO o.a.j.r.c.ReportGeneratorConfiguration: Property 'jmeter.reportgenerator.exporter.json.series_filter' not found, using default value '' instead.
2025-12-01 09:35:08,215 INFO o.a.j.r.c.ReportGeneratorConfiguration: Property 'jmeter.reportgenerator.exporter.json.show_controllers_only' not found, using default value 'false' instead.
2025-12-01 09:35:08,215 INFO o.a.j.r.c.ReportGeneratorConfiguration: Property 'jmeter.reportgenerator.exporter.html.filters_only_sample_series' not found, using default value 'true' instead.
2025-12-01 09:35:08,215 INFO o.a.j.r.c.ReportGeneratorConfiguration: Property 'jmeter.reportgenerator.exporter.html.series_filter' not found, using default value '' instead.
2025-12-01 09:35:08,215 INFO o.a.j.r.c.ReportGeneratorConfiguration: Property 'jmeter.reportgenerator.exporter.html.show_controllers_only' not found, using default value 'false' instead.
2025-12-01 09:35:08,370 INFO o.a.j.s.SaveService: Testplan (JMX) version: 2.2. Testlog (JTL) version: 2.2
2025-12-01 09:35:08,386 INFO o.a.j.s.SaveService: Using SaveService properties version 5.0
2025-12-01 09:35:08,388 INFO o.a.j.s.SaveService: Using SaveService properties file encoding UTF-8
2025-12-01 09:35:08,405 INFO o.a.j.r.p.NormalizerSampleConsumer: Using format, 'ms', to parse timeStamp field
2025-12-01 09:35:08,491 INFO o.a.j.r.p.AbstractSampleConsumer: class org.apache.jmeter.report.processor.AggregateConsumer#stopProducing(): beginDate produced 0 samples
2025-12-01 09:35:08,491 INFO o.a.j.r.p.AbstractSampleConsumer: class org.apache.jmeter.report.processor.AggregateConsumer#stopProducing(): endDate produced 0 samples
2025-12-01 09:35:08,493 INFO o.a.j.r.p.AbstractSampleConsumer: class org.apache.jmeter.report.processor.ApdexSummaryConsumer#stopProducing(): apdexSummary produced 0 samples
2025-12-01 09:35:08,493 INFO o.a.j.r.p.AbstractSampleConsumer: class org.apache.jmeter.report.processor.RequestsSummaryConsumer#stopProducing(): requestsSummary produced 0 samples
2025-12-01 09:35:08,496 INFO o.a.j.r.p.AbstractSampleConsumer: class org.apache.jmeter.report.processor.StatisticsSummaryConsumer#stopProducing(): statisticsSummary produced 0 samples
2025-12-01 09:35:08,497 INFO o.a.j.r.p.AbstractSampleConsumer: class org.apache.jmeter.report.processor.Top5ErrorsBySamplerConsumer#stopProducing(): top5ErrorsBySampler produced 0 samples
2025-12-01 09:35:08,497 INFO o.a.j.r.p.AbstractSampleConsumer: class org.apache.jmeter.report.processor.ErrorsSummaryConsumer#stopProducing(): errorsSummary produced 0 samples
2025-12-01 09:35:08,497 INFO o.a.j.r.p.AbstractSampleConsumer: class org.apache.jmeter.report.processor.graph.impl.HitsPerSecondGraphConsumer#stopProducing(): hitsPerSecond produced 0 samples
2025-12-01 09:35:08,512 INFO o.a.j.r.p.AbstractSampleConsumer: class org.apache.jmeter.report.processor.graph.impl.LatencyVSRequestGraphConsumer#stopProducing(): latencyVsRequest produced 0 samples
2025-12-01 09:35:08,512 INFO o.a.j.r.p.AbstractSampleConsumer: class org.apache.jmeter.report.processor.graph.impl.SyntheticResponseTimeDistributionGraphConsumer#stopProducing(): syntheticResponseTimeDistribution produced 0 samples
2025-12-01 09:35:08,513 INFO o.a.j.r.p.AbstractSampleConsumer: class org.apache.jmeter.report.processor.graph.impl.BytesThroughputGraphConsumer#stopProducing(): bytesThroughputOverTime produced 0 samples
2025-12-01 09:35:08,513 INFO o.a.j.r.p.AbstractSampleConsumer: class org.apache.jmeter.report.processor.graph.impl.CodesPerSecondGraphConsumer#stopProducing(): codesPerSecond produced 0 samples
2025-12-01 09:35:08,518 INFO o.a.j.r.p.AbstractSampleConsumer: class org.apache.jmeter.report.processor.graph.impl.ResponseTimeVSRequestGraphConsumer#stopProducing(): responseTimeVsRequest produced 0 samples
2025-12-01 09:35:08,518 INFO o.a.j.r.p.AbstractSampleConsumer: class org.apache.jmeter.report.processor.FilterConsumer#stopProducing(): startIntervalControlerFilter produced 6685 samples
2025-12-01 09:35:08,518 INFO o.a.j.r.p.AbstractSampleConsumer: class org.apache.jmeter.report.processor.graph.impl.TotalTPSGraphConsumer#stopProducing(): totalTPS produced 0 samples
2025-12-01 09:35:08,519 INFO o.a.j.r.p.AbstractSampleConsumer: class org.apache.jmeter.report.processor.graph.impl.ActiveThreadsGraphConsumer#stopProducing(): activeThreadsOverTime produced 0 samples
2025-12-01 09:35:08,519 INFO o.a.j.r.p.AbstractSampleConsumer: class org.apache.jmeter.report.processor.graph.impl.TimeVSThreadGraphConsumer#stopProducing(): timeVsThreads produced 0 samples
2025-12-01 09:35:08,519 INFO o.a.j.r.p.AbstractSampleConsumer: class org.apache.jmeter.report.processor.graph.impl.ResponseTimeDistributionGraphConsumer#stopProducing(): responseTimeDistribution produced 0 samples
2025-12-01 09:35:08,519 INFO o.a.j.r.p.AbstractSampleConsumer: class org.apache.jmeter.report.processor.graph.impl.TransactionsPerSecondGraphConsumer#stopProducing(): transactionsPerSecond produced 0 samples
2025-12-01 09:35:08,519 INFO o.a.j.r.p.AbstractSampleConsumer: class org.apache.jmeter.report.processor.graph.impl.ResponseTimePercentilesGraphConsumer#stopProducing(): responseTimePercentiles produced 0 samples
2025-12-01 09:35:08,520 INFO o.a.j.r.p.AbstractSampleConsumer: class org.apache.jmeter.report.processor.graph.impl.ResponseTimePercentilesOverTimeGraphConsumer#stopProducing(): responseTimePercentilesOverTime produced 0 samples
2025-12-01 09:35:08,521 INFO o.a.j.r.p.AbstractSampleConsumer: class org.apache.jmeter.report.processor.graph.impl.ResponseTimeOverTimeGraphConsumer#stopProducing(): responseTimesOverTime produced 0 samples
2025-12-01 09:35:08,521 INFO o.a.j.r.p.AbstractSampleConsumer: class org.apache.jmeter.report.processor.graph.impl.ConnectTimeOverTimeGraphConsumer#stopProducing(): connectTimeOverTime produced 0 samples
2025-12-01 09:35:08,521 INFO o.a.j.r.p.AbstractSampleConsumer: class org.apache.jmeter.report.processor.graph.impl.LatencyOverTimeGraphConsumer#stopProducing(): latenciesOverTime produced 0 samples
2025-12-01 09:35:08,521 INFO o.a.j.r.p.AbstractSampleConsumer: class org.apache.jmeter.report.processor.FilterConsumer#stopProducing(): nameFilter produced 14325 samples
2025-12-01 09:35:08,521 INFO o.a.j.r.p.AbstractSampleConsumer: class org.apache.jmeter.report.processor.FilterConsumer#stopProducing(): dateRangeFilter produced 2865 samples
2025-12-01 09:35:08,521 INFO o.a.j.r.p.AbstractSampleConsumer: class org.apache.jmeter.report.processor.NormalizerSampleConsumer#stopProducing(): normalizer produced 955 samples
2025-12-01 09:35:08,522 INFO o.a.j.r.p.CsvFileSampleSource: produce(): 955 samples produced in 98ms on channel 0
2025-12-01 09:35:08,522 INFO o.a.j.r.d.ReportGenerator: Exporting data using exporter:'json' of className:'org.apache.jmeter.report.dashboard.JsonExporter'
2025-12-01 09:35:08,576 INFO o.a.j.r.d.JsonExporter: Found data for consumer statisticsSummary in context
2025-12-01 09:35:08,576 INFO o.a.j.r.d.JsonExporter: Creating statistics for overall
2025-12-01 09:35:08,576 INFO o.a.j.r.d.JsonExporter: Creating statistics for other transactions
2025-12-01 09:35:08,576 INFO o.a.j.r.d.JsonExporter: Checking output folder
2025-12-01 09:35:08,577 INFO o.a.j.r.d.JsonExporter: Writing statistics JSON to /Users/hiruzen/Programming/Projects/DATA-236-Projects/Kayak-Project/jmeter/results/report-latest/statistics.json
2025-12-01 09:35:08,597 INFO o.a.j.r.d.ReportGenerator: Exporting data using exporter:'html' of className:'org.apache.jmeter.report.dashboard.HtmlTemplateExporter'
2025-12-01 09:35:08,598 INFO o.a.j.r.d.HtmlTemplateExporter: Will generate dashboard in folder: /Users/hiruzen/Programming/Projects/DATA-236-Projects/Kayak-Project/jmeter/results/report-latest
2025-12-01 09:35:08,667 INFO o.a.j.r.d.HtmlTemplateExporter: Report will be generated in: /Users/hiruzen/Programming/Projects/DATA-236-Projects/Kayak-Project/jmeter/results/report-latest, creating folder structure
2025-12-01 09:35:08,669 INFO o.a.j.r.d.TemplateVisitor: Copying folder from '/Users/hiruzen/Programming/Projects/DATA-236-Projects/Lab2/tools/jmeter/bin/report-template' to '/Users/hiruzen/Programming/Projects/DATA-236-Projects/Kayak-Project/jmeter/results/report-latest', got message: /Users/hiruzen/Programming/Projects/DATA-236-Projects/Kayak-Project/jmeter/results/report-latest, found non empty folder with following content [/Users/hiruzen/Programming/Projects/DATA-236-Projects/Kayak-Project/jmeter/results/report-latest/statistics.json], will be ignored
